// Jest Snapshot v1, https://goo.gl/fbAQLP

exports[`Send Details renders correctly 1`] = `ShallowWrapper {}`;
