// Jest Snapshot v1, https://goo.gl/fbAQLP

exports[`Transaction renders correctly 1`] = `ShallowWrapper {}`;
